    Finished `release` profile [optimized] target(s) in 0.16s
     Running `target/release/biem-scale-test --max-files 50000`
BIEM Scale Test — testing 6 sizes up to 50000

── 100 files ──
  generating vault...
  vault: 0.2 MB (100 files) in 9ms
  indexing...
  indexed: 100 docs, 78 bitmaps in 4ms (25000 files/s, 46.9 MB/s)
  re-indexing (idempotent)...
  re-index: 100 skipped, 0 indexed in 4ms
  running queries...
  queries: single=9µs, AND=9µs, OR=19µs
  running baseline grep...
  running baseline parse filter...
  running baseline hashmap...
  running baseline hashset...
  running baseline SQL...
  baselines: grep=1289µs, parse+filter=2849µs, hashmap=0µs
  baselines: hashset_1=0µs, hashset_AND=0µs, sql_1=213µs, sql_AND=438µs

── 500 files ──
  generating vault...
  vault: 0.9 MB (500 files) in 38ms
  indexing...
  indexed: 500 docs, 78 bitmaps in 19ms (26316 files/s, 47.5 MB/s)
  re-indexing (idempotent)...
  re-index: 500 skipped, 0 indexed in 18ms
  running queries...
  queries: single=16µs, AND=16µs, OR=18µs
  running baseline grep...
  running baseline parse filter...
  running baseline hashmap...
  running baseline hashset...
  running baseline SQL...
  baselines: grep=6432µs, parse+filter=14159µs, hashmap=0µs
  baselines: hashset_1=0µs, hashset_AND=0µs, sql_1=438µs, sql_AND=831µs

── 1000 files ──
  generating vault...
  vault: 1.8 MB (1000 files) in 84ms
  indexing...
  indexed: 1000 docs, 78 bitmaps in 41ms (24390 files/s, 43.6 MB/s)
  re-indexing (idempotent)...
  re-index: 1000 skipped, 0 indexed in 41ms
  running queries...
  queries: single=16µs, AND=17µs, OR=18µs
  running baseline grep...
  running baseline parse filter...
  running baseline hashmap...
  running baseline hashset...
  running baseline SQL...
  baselines: grep=12737µs, parse+filter=29376µs, hashmap=0µs
  baselines: hashset_1=0µs, hashset_AND=1µs, sql_1=208µs, sql_AND=572µs

── 5000 files ──
  generating vault...
  vault: 8.7 MB (5000 files) in 367ms
  indexing...
  indexed: 5000 docs, 78 bitmaps in 207ms (24155 files/s, 42.2 MB/s)
  re-indexing (idempotent)...
  re-index: 5000 skipped, 0 indexed in 205ms
  running queries...
  queries: single=17µs, AND=16µs, OR=19µs
  running baseline grep...
  running baseline parse filter...
  running baseline hashmap...
  running baseline hashset...
  running baseline SQL...
  baselines: grep=69994µs, parse+filter=150000µs, hashmap=0µs
  baselines: hashset_1=0µs, hashset_AND=4µs, sql_1=299µs, sql_AND=1240µs

── 10000 files ──
  generating vault...
  vault: 17.6 MB (10000 files) in 772ms
  indexing...
  indexed: 10000 docs, 78 bitmaps in 445ms (22472 files/s, 39.5 MB/s)
  re-indexing (idempotent)...
  re-index: 10000 skipped, 0 indexed in 426ms
  running queries...
  queries: single=16µs, AND=18µs, OR=27µs
  running baseline grep...
  running baseline parse filter...
  running baseline hashmap...
  running baseline hashset...
  running baseline SQL...
  baselines: grep=152963µs, parse+filter=341868µs, hashmap=0µs
  baselines: hashset_1=0µs, hashset_AND=8µs, sql_1=378µs, sql_AND=2054µs

── 50000 files ──
  generating vault...
  vault: 87.7 MB (50000 files) in 4205ms
  indexing...
  indexed: 50000 docs, 78 bitmaps in 2531ms (19755 files/s, 34.7 MB/s)
  re-indexing (idempotent)...
  re-index: 50000 skipped, 0 indexed in 2368ms
  running queries...
  queries: single=15µs, AND=16µs, OR=18µs
  running baseline grep...
  running baseline parse filter...
  running baseline hashmap...
  running baseline hashset...
  running baseline SQL...
  baselines: grep=1047072µs, parse+filter=1895448µs, hashmap=0µs
  baselines: hashset_1=3µs, hashset_AND=50µs, sql_1=850µs, sql_AND=3376µs

